traffic_led.c:32:6:LED_TRAFFIC_INIT	8	static
traffic_led.c:42:6:LED_TRAFFIC_LOAD_BUFFER	4	static
traffic_led.c:54:6:LED_TRAFFIC_STORE_BUFFER	16	static
traffic_led.c:58:9:LED_TRAFFIC_GET_RED	4	static
traffic_led.c:59:9:LED_TRAFFIC_GET_AMBER	4	static
traffic_led.c:60:9:LED_TRAFFIC_GET_GREEN	4	static
traffic_led.c:63:6:LED_TRAFFIC_SET_RED	16	static
traffic_led.c:68:6:LED_TRAFFIC_SET_AMBER	16	static
traffic_led.c:73:6:LED_TRAFFIC_SET_GREEN	16	static
traffic_led.c:78:6:LED_TRAFFIC_APPLY_TIMES	4	static
traffic_led.c:96:6:LED_TRAFFIC_RESET_COUNTER	4	static
traffic_led.c:106:6:LED_VERTICAL_RUN	8	static
traffic_led.c:149:6:LED_HORIZONTAL_RUN	8	static
traffic_led.c:193:6:LED_TRAFFIC_RUN	8	static
